Flutter crash report.
Please report a bug at https://github.com/flutter/flutter/issues.

## command

flutter --no-color run --machine --device-id=emulator-5554 --profile --dart-define=flutter.inspector.structuredErrors=true --devtools-server-address=http://127.0.0.1:9100 lib\main.dart

## exception

String: failed to connect to http://127.0.0.1:56090/XGNIgusC_c4=/ HttpException: Connection closed before full header was received, uri = http://127.0.0.1:56090/XGNIgusC_c4=/ws

```
```

## flutter doctor

```
[✓] Flutter (Channel stable, 3.41.4, on Microsoft Windows [Version 10.0.26200.8037], locale en-US) [213ms]
    • Flutter version 3.41.4 on channel stable at C:\SDK SRC\flutter
    • Upstream repository https://github.com/flutter/flutter.git
    • Framework revision ff37bef603 (10 days ago), 2026-03-03 16:03:22 -0800
    • Engine revision e4b8dca3f1
    • Dart version 3.11.1
    • DevTools version 2.54.1
    • Feature flags: enable-web, enable-linux-desktop, enable-macos-desktop, enable-windows-desktop, enable-android, enable-ios, cli-animations, enable-native-assets, omit-legacy-version-file, enable-lldb-debugging, enable-uiscene-migration

[✓] Windows Version (11 Home Single Language 64-bit, 25H2, 2009) [2.6s]

[✓] Android toolchain - develop for Android devices (Android SDK version 36.1.0) [4.6s]
    • Android SDK at C:\Users\HP\AppData\Local\Android\sdk
    • Emulator version 36.4.10.0 (build_id 15004761) (CL:N/A)
    • Platform android-36.1, build-tools 36.1.0
    • Java binary at: C:\Program Files\Android\Android Studio\jbr\bin\java
      This is the JDK bundled with the latest Android Studio installation on this machine.
      To manually set the JDK path, use: `flutter config --jdk-dir="path/to/jdk"`.
    • Java version OpenJDK Runtime Environment (build 21.0.9+-14787801-b1163.94)
    • All Android licenses accepted.

[✓] Chrome - develop for the web [7ms]
    • Chrome at C:\Program Files\Google\Chrome\Application\chrome.exe

[✗] Visual Studio - develop Windows apps [6ms]
    ✗ Visual Studio not installed; this is necessary to develop Windows apps.
      Download at https://visualstudio.microsoft.com/downloads/.
      Please install the "Desktop development with C++" workload, including all of its default components

[✓] Connected device (5 available) [1,070ms]
    • sdk gphone64 x86 64 (mobile) • emulator-5554 • android-x64    • Android 16 (API 36) (emulator)
    • sdk gphone64 x86 64 (mobile) • emulator-5556 • android-x64    • Android 16 (API 36) (emulator)
    • Windows (desktop)            • windows       • windows-x64    • Microsoft Windows [Version 10.0.26200.8037]
    • Chrome (web)                 • chrome        • web-javascript • Google Chrome 146.0.7680.80
    • Edge (web)                   • edge          • web-javascript • Microsoft Edge 145.0.3800.97

[✓] Network resources [1,309ms]
    • All expected network resources are available.

! Doctor found issues in 1 category.
```
